\BOOKMARK [0][-]{chapter.1}{\376\377\000I\000n\000t\000r\000o\000d\000u\000c\000t\000i\000o\000n}{}% 1
\BOOKMARK [0][-]{chapter.2}{\376\377\000F\000u\000n\000d\000a\000m\000e\000n\000t\000a\000l\000s\000\040\000o\000f\000\040\000A\000r\000d\000u\000i\000n\000o\000\040\000I\000n\000t\000e\000r\000f\000a\000c\000i\000n\000g}{}% 2
\BOOKMARK [1][-]{section.2.1}{\376\377\000E\000x\000p\000e\000r\000i\000m\000e\000n\000t\000\040\0000\000:\000\040\000L\000E\000D\000\040\000F\000l\000a\000s\000h\000\040\000S\000y\000s\000t\000e\000m}{chapter.2}% 3
\BOOKMARK [2][-]{subsection.2.1.1}{\376\377\000P\000r\000o\000j\000e\000c\000t\000\040\000N\000a\000m\000e}{section.2.1}% 4
\BOOKMARK [2][-]{subsection.2.1.2}{\376\377\000P\000r\000o\000b\000l\000e\000m\000\040\000S\000t\000a\000t\000e\000m\000e\000n\000t}{section.2.1}% 5
\BOOKMARK [2][-]{subsection.2.1.3}{\376\377\000C\000o\000m\000p\000o\000n\000e\000n\000t\000s\000\040\000U\000s\000e\000d}{section.2.1}% 6
\BOOKMARK [2][-]{subsection.2.1.4}{\376\377\000P\000i\000n\000\040\000C\000o\000n\000n\000e\000c\000t\000i\000o\000n\000s}{section.2.1}% 7
\BOOKMARK [2][-]{subsection.2.1.5}{\376\377\000S\000o\000f\000t\000w\000a\000r\000e\000\040\000U\000s\000e\000d}{section.2.1}% 8
\BOOKMARK [2][-]{subsection.2.1.6}{\376\377\000C\000i\000r\000c\000u\000i\000t\000\040\000D\000i\000a\000g\000r\000a\000m}{section.2.1}% 9
\BOOKMARK [2][-]{subsection.2.1.7}{\376\377\000S\000o\000u\000r\000c\000e\000\040\000C\000o\000d\000e}{section.2.1}% 10
\BOOKMARK [2][-]{subsection.2.1.8}{\376\377\000W\000o\000r\000k\000i\000n\000g\000\040\000P\000r\000i\000n\000c\000i\000p\000l\000e}{section.2.1}% 11
\BOOKMARK [2][-]{subsection.2.1.9}{\376\377\000W\000h\000a\000t\000\040\000I\000\040\000L\000e\000a\000r\000n\000e\000d}{section.2.1}% 12
\BOOKMARK [2][-]{subsection.2.1.10}{\376\377\000C\000o\000n\000c\000l\000u\000s\000i\000o\000n}{section.2.1}% 13
\BOOKMARK [2][-]{subsection.2.1.11}{\376\377\000R\000e\000f\000e\000r\000e\000n\000c\000e\000s}{section.2.1}% 14
\BOOKMARK [1][-]{section.2.2}{\376\377\0007\000-\000S\000e\000g\000m\000e\000n\000t\000\040\000D\000i\000s\000p\000l\000a\000y\000\040\000I\000n\000t\000e\000r\000f\000a\000c\000i\000n\000g}{chapter.2}% 15
\BOOKMARK [2][-]{subsection.2.2.1}{\376\377\000P\000r\000o\000j\000e\000c\000t\000\040\000N\000a\000m\000e}{section.2.2}% 16
\BOOKMARK [2][-]{subsection.2.2.2}{\376\377\000O\000b\000j\000e\000c\000t\000i\000v\000e\000\040\000/\000\040\000P\000r\000o\000b\000l\000e\000m\000\040\000S\000t\000a\000t\000e\000m\000e\000n\000t}{section.2.2}% 17
\BOOKMARK [2][-]{subsection.2.2.3}{\376\377\000C\000o\000m\000p\000o\000n\000e\000n\000t\000s\000\040\000U\000s\000e\000d}{section.2.2}% 18
\BOOKMARK [2][-]{subsection.2.2.4}{\376\377\000P\000i\000n\000\040\000C\000o\000n\000n\000e\000c\000t\000i\000o\000n\000s}{section.2.2}% 19
\BOOKMARK [2][-]{subsection.2.2.5}{\376\377\000S\000o\000f\000t\000w\000a\000r\000e\000\040\000U\000s\000e\000d}{section.2.2}% 20
\BOOKMARK [2][-]{subsection.2.2.6}{\376\377\000C\000i\000r\000c\000u\000i\000t\000\040\000D\000i\000a\000g\000r\000a\000m}{section.2.2}% 21
\BOOKMARK [2][-]{subsection.2.2.7}{\376\377\000S\000o\000u\000r\000c\000e\000\040\000C\000o\000d\000e}{section.2.2}% 22
\BOOKMARK [2][-]{subsection.2.2.8}{\376\377\000W\000o\000r\000k\000i\000n\000g\000\040\000P\000r\000i\000n\000c\000i\000p\000l\000e}{section.2.2}% 23
\BOOKMARK [2][-]{subsection.2.2.9}{\376\377\000L\000e\000a\000r\000n\000i\000n\000g\000\040\000O\000u\000t\000c\000o\000m\000e\000s}{section.2.2}% 24
\BOOKMARK [2][-]{subsection.2.2.10}{\376\377\000C\000o\000n\000c\000l\000u\000s\000i\000o\000n}{section.2.2}% 25
\BOOKMARK [2][-]{subsection.2.2.11}{\376\377\000R\000e\000f\000e\000r\000e\000n\000c\000e\000s}{section.2.2}% 26
\BOOKMARK [1][-]{section.2.3}{\376\377\000L\000E\000D\000\040\000M\000a\000t\000r\000i\000x\000\040\000E\000m\000o\000j\000i\000\040\000D\000i\000s\000p\000l\000a\000y\000\040\000S\000y\000s\000t\000e\000m}{chapter.2}% 27
\BOOKMARK [2][-]{subsection.2.3.1}{\376\377\000P\000r\000o\000j\000e\000c\000t\000\040\000N\000a\000m\000e}{section.2.3}% 28
\BOOKMARK [2][-]{subsection.2.3.2}{\376\377\000O\000b\000j\000e\000c\000t\000i\000v\000e\000\040\000/\000\040\000P\000r\000o\000b\000l\000e\000m\000\040\000S\000t\000a\000t\000e\000m\000e\000n\000t}{section.2.3}% 29
\BOOKMARK [2][-]{subsection.2.3.3}{\376\377\000C\000o\000m\000p\000o\000n\000e\000n\000t\000s\000\040\000U\000s\000e\000d}{section.2.3}% 30
\BOOKMARK [2][-]{subsection.2.3.4}{\376\377\000P\000i\000n\000\040\000C\000o\000n\000n\000e\000c\000t\000i\000o\000n\000s}{section.2.3}% 31
\BOOKMARK [2][-]{subsection.2.3.5}{\376\377\000S\000o\000f\000t\000w\000a\000r\000e\000\040\000U\000s\000e\000d}{section.2.3}% 32
\BOOKMARK [2][-]{subsection.2.3.6}{\376\377\000C\000i\000r\000c\000u\000i\000t\000\040\000D\000i\000a\000g\000r\000a\000m}{section.2.3}% 33
\BOOKMARK [2][-]{subsection.2.3.7}{\376\377\000S\000o\000u\000r\000c\000e\000\040\000C\000o\000d\000e}{section.2.3}% 34
\BOOKMARK [2][-]{subsection.2.3.8}{\376\377\000W\000o\000r\000k\000i\000n\000g\000\040\000P\000r\000i\000n\000c\000i\000p\000l\000e}{section.2.3}% 35
\BOOKMARK [2][-]{subsection.2.3.9}{\376\377\000L\000e\000a\000r\000n\000i\000n\000g\000\040\000O\000u\000t\000c\000o\000m\000e\000s}{section.2.3}% 36
\BOOKMARK [2][-]{subsection.2.3.10}{\376\377\000C\000o\000n\000c\000l\000u\000s\000i\000o\000n}{section.2.3}% 37
\BOOKMARK [2][-]{subsection.2.3.11}{\376\377\000R\000e\000f\000e\000r\000e\000n\000c\000e\000s}{section.2.3}% 38
